// Jest Snapshot v1, https://goo.gl/fbAQLP

exports[`<NotFoundPage /> should match snapshot 1`] = `
Array [
  .c3 {
  display: -webkit-box;
  display: -webkit-flex;
  display: -ms-flexbox;
  display: flex;
  -webkit-align-items: center;
  -webkit-box-align: center;
  -ms-flex-align: center;
  align-items: center;
}

.c4 {
  font-size: 1.25rem;
  color: rgba(58,52,51,1);
  font-weight: bold;
  margin-right: 1rem;
}

.c5 {
  display: -webkit-box;
  display: -webkit-flex;
  display: -ms-flexbox;
  display: flex;
  margin-right: -1rem;
}

.c6 {
  color: rgba(215,113,88,1);
  cursor: pointer;
  -webkit-text-decoration: none;
  text-decoration: none;
  display: -webkit-box;
  display: -webkit-flex;
  display: -ms-flexbox;
  display: flex;
  padding: 0.25rem 1rem;
  font-size: 0.875rem;
  font-weight: 500;
  -webkit-align-items: center;
  -webkit-box-align: center;
  -ms-flex-align: center;
  align-items: center;
}

.c6:hover {
  opacity: 0.8;
}

.c6:active {
  opacity: 0.4;
}

.c6 .icon {
  margin-right: 0.25rem;
}

.c2 {
  width: 960px;
  margin: 0 auto;
  padding: 0 1.5rem;
  box-sizing: content-box;
}

.c0 {
  height: 2rem;
  display: -webkit-box;
  display: -webkit-flex;
  display: -ms-flexbox;
  display: flex;
  width: 100%;
}

.c0 .c1 {
  display: -webkit-box;
  display: -webkit-flex;
  display: -ms-flexbox;
  display: flex;
  -webkit-align-items: center;
  -webkit-box-align: center;
  -ms-flex-align: center;
  align-items: center;
  -webkit-box-pack: justify;
  -webkit-justify-content: space-between;
  -ms-flex-pack: justify;
  justify-content: space-between;
}

<header
    className="c0"
  >
    <div
      className="c1 c2"
    >
      <div
        className="c3"
      >
        <div
          className="c4"
        >
          Stefan Geyer
        </div>
      </div>
      <nav
        className="c5"
      >
        <a
          className="c6"
          href="/Resume_Geyer.pdf"
          rel="noopener noreferrer"
          target="_blank"
          title="Documentation Page"
        >
          <svg>
            documentation-icon.svg
          </svg>
          Resume
        </a>
        <a
          className="c6"
          href="https://github.com/stefangeyer"
          rel="noopener noreferrer"
          target="_blank"
          title="Github Page"
        >
          <svg>
            github-icon.svg
          </svg>
          Github
        </a>
      </nav>
    </div>
  </header>,
  .c2 {
  font-size: 1rem;
  line-height: 1.5;
  color: rgba(58,52,51,0.7);
  margin: 0.625rem 0 1.5rem 0;
}

.c3 {
  color: rgba(215,113,88,1);
  -webkit-text-decoration: none;
  text-decoration: none;
}

.c3:hover {
  -webkit-text-decoration: underline;
  text-decoration: underline;
  opacity: 0.8;
}

.c3:active {
  opacity: 0.4;
}

.c0 {
  height: calc(100vh - 2rem);
  display: -webkit-box;
  display: -webkit-flex;
  display: -ms-flexbox;
  display: flex;
  -webkit-align-items: center;
  -webkit-box-align: center;
  -ms-flex-align: center;
  align-items: center;
  -webkit-box-pack: center;
  -webkit-justify-content: center;
  -ms-flex-pack: center;
  justify-content: center;
  -webkit-flex-direction: column;
  -ms-flex-direction: column;
  flex-direction: column;
  min-height: 320px;
}

.c1 {
  margin-top: -8vh;
  font-weight: bold;
  color: rgba(58,52,51,1);
  font-size: 3.375rem;
}

.c1 span {
  font-size: 3.125rem;
}

<div
    className="c0"
  >
    <div
      className="c1"
    >
      4
      <span
        aria-label="Crying Face"
        role="img"
      >
        ðŸ˜¢
      </span>
      4
    </div>
    <p
      className="c2"
    >
      Page not found.
    </p>
    <a
      className="c3"
      href="/"
      onClick={[Function]}
    >
      Return to Home Page
    </a>
  </div>,
]
`;
